Autosaver has been stopped!
